// Jest Snapshot v1, https://goo.gl/fbAQLP

exports[`Header test should render Header component properly 1`] = `
<header
  className="headerWrapper"
>
  <img
    alt="Logo"
    src="logo.png"
  />
  <div
    className="headerItem"
  >
    <p />
    <button
      onClick={[Function]}
    >
      Logout
    </button>
  </div>
</header>
`;
